Compiling proxy.pyx because it changed.
[1/1] Cythonizing proxy.pyx
